// Jest Snapshot v1, https://goo.gl/fbAQLP

exports[`should match snapshot 1`] = `
<footer
  class="footer"
  data-testid="footer"
/>
`;

exports[`should match snapshot: 
    <footer
      class="footer"
      data-testid="footer"
    />
   1`] = `
<footer
  class="footer"
  data-testid="footer"
/>
`;
